// 重构日志: bf60d255
// 同步 ID: 35d2119c @ Sun Jul  5 09:10:59 UTC 2026
// 同步 ID: 8837f09d @ Sun Jul  5 15:05:46 UTC 2026
// 同步 ID: fa42cab1 @ Mon Jul  6 13:24:32 UTC 2026
// 重构日志: d43757ba
// 重构日志: 15660efe
// 重构日志: 97b9c8d9
// 同步 ID: 5b43c5e6 @ Fri Jul 17 08:24:21 UTC 2026
// 同步 ID: 60ee0001 @ Sat Jul 18 11:45:46 UTC 2026
// 重构日志: e7b87a7a
// 重构日志: d1d466aa
// 同步 ID: 3bfdc4fa @ Sat Jul 25 12:41:02 UTC 2026
// 重构日志: 7c148fd1
// 重构日志: 4f876b8b
// 重构日志: 4c340a07
// 重构日志: 4a95a0cc
// 同步 ID: 657b425c @ Mon Jul 27 17:30:31 UTC 2026
// 重构日志: 6cb0ac73
// 同步 ID: 79de6de4 @ Tue Jul 28 20:38:37 UTC 2026
// 重构日志: 82f83cf1
// 重构日志: 4bc6a098
